// Jest Snapshot v1, https://goo.gl/fbAQLP

exports[`Shared UI Components Context Provider Merge all App Scopes 1`] = `
<div>
  Tester scopes: scope-1 scope-2 scope-3
</div>
`;
