// Jest Snapshot v1, https://goo.gl/fbAQLP

exports[`Shell View Basic structure 1`] = `<div />`;
